[0.821s] Invoking command in '/home/aakash/bumperbot_ws/src/bumperbot_py_examples': PYTHONPATH=/home/aakash/bumperbot_ws/build/bumperbot_py_examples/prefix_override:/usr/lib/python3/dist-packages/colcon_core/task/python/colcon_distutils_commands:/home/aakash/bumperbot_ws/install/bumperbot_py_examples/lib/python3.10/site-packages:${PYTHONPATH} /usr/bin/python3 -W ignore:setup.py install is deprecated -W ignore:easy_install command is deprecated setup.py egg_info --egg-base ../../build/bumperbot_py_examples build --build-base /home/aakash/bumperbot_ws/build/bumperbot_py_examples/build install --record /home/aakash/bumperbot_ws/build/bumperbot_py_examples/install.log --single-version-externally-managed install_data
[1.109s] running egg_info
[1.125s] writing ../../build/bumperbot_py_examples/bumperbot_py_examples.egg-info/PKG-INFO
[1.125s] writing dependency_links to ../../build/bumperbot_py_examples/bumperbot_py_examples.egg-info/dependency_links.txt
[1.126s] writing entry points to ../../build/bumperbot_py_examples/bumperbot_py_examples.egg-info/entry_points.txt
[1.126s] writing requirements to ../../build/bumperbot_py_examples/bumperbot_py_examples.egg-info/requires.txt
[1.126s] writing top-level names to ../../build/bumperbot_py_examples/bumperbot_py_examples.egg-info/top_level.txt
[1.162s] reading manifest file '../../build/bumperbot_py_examples/bumperbot_py_examples.egg-info/SOURCES.txt'
[1.163s] writing manifest file '../../build/bumperbot_py_examples/bumperbot_py_examples.egg-info/SOURCES.txt'
[1.164s] running build
[1.164s] running build_py
[1.164s] copying bumperbot_py_examples/simple_service_server.py -> /home/aakash/bumperbot_ws/build/bumperbot_py_examples/build/lib/bumperbot_py_examples
[1.164s] copying bumperbot_py_examples/__init__.py -> /home/aakash/bumperbot_ws/build/bumperbot_py_examples/build/lib/bumperbot_py_examples
[1.164s] copying bumperbot_py_examples/simple_tf_kinematics.py -> /home/aakash/bumperbot_ws/build/bumperbot_py_examples/build/lib/bumperbot_py_examples
[1.164s] copying bumperbot_py_examples/simple_service_client.py -> /home/aakash/bumperbot_ws/build/bumperbot_py_examples/build/lib/bumperbot_py_examples
[1.165s] copying bumperbot_py_examples/simple_publisher.py -> /home/aakash/bumperbot_ws/build/bumperbot_py_examples/build/lib/bumperbot_py_examples
[1.165s] copying bumperbot_py_examples/simple_subscriber.py -> /home/aakash/bumperbot_ws/build/bumperbot_py_examples/build/lib/bumperbot_py_examples
[1.165s] copying bumperbot_py_examples/simple_turtlesim_kinematics.py -> /home/aakash/bumperbot_ws/build/bumperbot_py_examples/build/lib/bumperbot_py_examples
[1.165s] copying bumperbot_py_examples/simple_parameter.py -> /home/aakash/bumperbot_ws/build/bumperbot_py_examples/build/lib/bumperbot_py_examples
[1.166s] running install
[1.171s] running install_lib
[1.189s] copying /home/aakash/bumperbot_ws/build/bumperbot_py_examples/build/lib/bumperbot_py_examples/simple_service_client.py -> /home/aakash/bumperbot_ws/install/bumperbot_py_examples/lib/python3.10/site-packages/bumperbot_py_examples
[1.190s] byte-compiling /home/aakash/bumperbot_ws/install/bumperbot_py_examples/lib/python3.10/site-packages/bumperbot_py_examples/simple_service_client.py to simple_service_client.cpython-310.pyc
[1.190s] running install_data
[1.190s] copying resource/bumperbot_py_examples -> /home/aakash/bumperbot_ws/install/bumperbot_py_examples/share/ament_index/resource_index/packages
[1.191s] copying package.xml -> /home/aakash/bumperbot_ws/install/bumperbot_py_examples/share/bumperbot_py_examples
[1.191s] running install_egg_info
[1.209s] removing '/home/aakash/bumperbot_ws/install/bumperbot_py_examples/lib/python3.10/site-packages/bumperbot_py_examples-0.0.0-py3.10.egg-info' (and everything under it)
[1.209s] Copying ../../build/bumperbot_py_examples/bumperbot_py_examples.egg-info to /home/aakash/bumperbot_ws/install/bumperbot_py_examples/lib/python3.10/site-packages/bumperbot_py_examples-0.0.0-py3.10.egg-info
[1.210s] running install_scripts
[1.359s] Installing simple_parameter script to /home/aakash/bumperbot_ws/install/bumperbot_py_examples/lib/bumperbot_py_examples
[1.359s] Installing simple_publisher script to /home/aakash/bumperbot_ws/install/bumperbot_py_examples/lib/bumperbot_py_examples
[1.360s] Installing simple_service_client script to /home/aakash/bumperbot_ws/install/bumperbot_py_examples/lib/bumperbot_py_examples
[1.360s] Installing simple_service_server script to /home/aakash/bumperbot_ws/install/bumperbot_py_examples/lib/bumperbot_py_examples
[1.360s] Installing simple_subscriber script to /home/aakash/bumperbot_ws/install/bumperbot_py_examples/lib/bumperbot_py_examples
[1.360s] Installing simple_tf_kinematics script to /home/aakash/bumperbot_ws/install/bumperbot_py_examples/lib/bumperbot_py_examples
[1.360s] Installing simple_turtlesim_kinematics script to /home/aakash/bumperbot_ws/install/bumperbot_py_examples/lib/bumperbot_py_examples
[1.360s] writing list of installed files to '/home/aakash/bumperbot_ws/build/bumperbot_py_examples/install.log'
[1.409s] Invoked command in '/home/aakash/bumperbot_ws/src/bumperbot_py_examples' returned '0': PYTHONPATH=/home/aakash/bumperbot_ws/build/bumperbot_py_examples/prefix_override:/usr/lib/python3/dist-packages/colcon_core/task/python/colcon_distutils_commands:/home/aakash/bumperbot_ws/install/bumperbot_py_examples/lib/python3.10/site-packages:${PYTHONPATH} /usr/bin/python3 -W ignore:setup.py install is deprecated -W ignore:easy_install command is deprecated setup.py egg_info --egg-base ../../build/bumperbot_py_examples build --build-base /home/aakash/bumperbot_ws/build/bumperbot_py_examples/build install --record /home/aakash/bumperbot_ws/build/bumperbot_py_examples/install.log --single-version-externally-managed install_data
